// Jest Snapshot v1, https://goo.gl/fbAQLP

exports[`Card renders an outlined card 1`] = `
<View
  collapsable={false}
  style={
    Object {
      "alignSelf": undefined,
      "backgroundColor": "rgba(255, 251, 254, 1)",
      "borderRadius": 12,
      "bottom": undefined,
      "end": undefined,
      "flex": undefined,
      "height": undefined,
      "left": undefined,
      "opacity": undefined,
      "position": undefined,
      "right": undefined,
      "shadowColor": "#000",
      "shadowOffset": Object {
        "height": 0,
        "width": 0,
      },
      "shadowOpacity": 0,
      "shadowRadius": 0,
      "start": undefined,
      "top": undefined,
      "transform": undefined,
      "width": undefined,
    }
  }
  testID="card-container-outer-layer"
>
  <View
    collapsable={false}
    style={
      Object {
        "backgroundColor": "rgba(255, 251, 254, 1)",
        "borderRadius": 12,
        "elevation": 1,
        "flex": undefined,
        "shadowColor": "#000",
        "shadowOffset": Object {
          "height": 0,
          "width": 0,
        },
        "shadowOpacity": 0,
        "shadowRadius": 0,
      }
    }
    testID="card-container"
  >
    <View
      pointerEvents="none"
      style={
        Array [
          Object {
            "borderColor": "rgba(121, 116, 126, 1)",
            "borderRadius": 12,
          },
          Object {
            "borderWidth": 1,
            "height": "100%",
            "position": "absolute",
            "width": "100%",
            "zIndex": 2,
          },
        ]
      }
      testID="card-outline"
    />
    <View
      accessibilityState={
        Object {
          "disabled": true,
        }
      }
      accessible={true}
      focusable={false}
      onClick={[Function]}
      onResponderGrant={[Function]}
      onResponderMove={[Function]}
      onResponderRelease={[Function]}
      onResponderTerminate={[Function]}
      onResponderTerminationRequest={[Function]}
      onStartShouldSetResponder={[Function]}
      style={
        Array [
          Object {
            "flexShrink": 1,
          },
          undefined,
        ]
      }
      testID="card"
    />
  </View>
</View>
`;
