// Jest Snapshot v1, https://goo.gl/fbAQLP

exports[`activity indicator snapshot test 1`] = `
<View
  collapsable={false}
  style={
    Object {
      "alignSelf": undefined,
      "backgroundColor": "rgb(238, 232, 244)",
      "borderRadius": 28,
      "bottom": undefined,
      "end": undefined,
      "flex": undefined,
      "height": undefined,
      "left": undefined,
      "opacity": undefined,
      "position": undefined,
      "right": undefined,
      "shadowColor": "#000",
      "shadowOffset": Object {
        "height": 0,
        "width": 0,
      },
      "shadowOpacity": 0,
      "shadowRadius": 0,
      "start": undefined,
      "top": undefined,
      "transform": undefined,
      "width": undefined,
    }
  }
  testID="search-bar-container-outer-layer"
>
  <View
    collapsable={false}
    style={
      Object {
        "alignItems": "center",
        "backgroundColor": "rgb(238, 232, 244)",
        "borderRadius": 28,
        "flex": undefined,
        "flexDirection": "row",
        "shadowColor": "#000",
        "shadowOffset": Object {
          "height": 0,
          "width": 0,
        },
        "shadowOpacity": 0,
        "shadowRadius": 0,
      }
    }
    testID="search-bar-container"
  >
    <View
      collapsable={false}
      style={
        Object {
          "alignSelf": undefined,
          "backgroundColor": "transparent",
          "borderRadius": 20,
          "bottom": undefined,
          "end": undefined,
          "flex": undefined,
          "height": 40,
          "left": undefined,
          "margin": 6,
          "opacity": undefined,
          "position": undefined,
          "right": undefined,
          "shadowColor": "#000",
          "shadowOffset": Object {
            "height": 0,
            "width": 0,
          },
          "shadowOpacity": 0,
          "shadowRadius": 0,
          "start": undefined,
          "top": undefined,
          "transform": undefined,
          "width": 40,
        }
      }
      testID="icon-button-container-outer-layer"
    >
      <View
        collapsable={false}
        style={
          Object {
            "backgroundColor": "transparent",
            "borderColor": "rgba(121, 116, 126, 1)",
            "borderRadius": 20,
            "borderWidth": 0,
            "elevation": 0,
            "flex": 1,
            "overflow": "hidden",
            "shadowColor": "#000",
            "shadowOffset": Object {
              "height": 0,
              "width": 0,
            },
            "shadowOpacity": 0,
            "shadowRadius": 0,
          }
        }
        testID="icon-button-container"
      >
        <View
          accessibilityComponentType="button"
          accessibilityLabel="search"
          accessibilityRole="button"
          accessibilityState={
            Object {
              "disabled": true,
            }
          }
          accessibilityTraits="button"
          accessible={true}
          centered={true}
          collapsable={false}
          focusable={true}
          hitSlop={
            Object {
              "bottom": 6,
              "left": 6,
              "right": 6,
              "top": 6,
            }
          }
          onBlur={[Function]}
          onClick={[Function]}
          onFocus={[Function]}
          onResponderGrant={[Function]}
          onResponderMove={[Function]}
          onResponderRelease={[Function]}
          onResponderTerminate={[Function]}
          onResponderTerminationRequest={[Function]}
          onStartShouldSetResponder={[Function]}
          style={
            Array [
              Object {
                "overflow": "hidden",
              },
              false,
              Array [
                Object {
                  "alignItems": "center",
                  "flexGrow": 1,
                  "justifyContent": "center",
                },
                Object {
                  "borderRadius": 20,
                },
              ],
            ]
          }
          testID="icon-button"
        >
          <Text
            accessibilityElementsHidden={true}
            allowFontScaling={false}
            importantForAccessibility="no-hide-descendants"
            pointerEvents="none"
            selectable={false}
            style={
              Array [
                Object {
                  "color": "rgba(73, 69, 79, 1)",
                  "fontSize": 24,
                },
                Array [
                  Object {
                    "lineHeight": 24,
                    "transform": Array [
                      Object {
                        "scaleX": 1,
                      },
                    ],
                  },
                  Object {
                    "backgroundColor": "transparent",
                  },
                ],
                Object {
                  "fontFamily": "Material Design Icons",
                  "fontStyle": "normal",
                  "fontWeight": "normal",
                },
                Object {},
              ]
            }
          >
            Û∞çâ
          </Text>
        </View>
      </View>
    </View>
    <TextInput
      accessibilityRole="search"
      keyboardAppearance="light"
      placeholder=""
      placeholderTextColor="rgba(28, 27, 31, 1)"
      returnKeyType="search"
      selectionColor="rgba(103, 80, 164, 1)"
      style={
        Array [
          Object {
            "alignSelf": "stretch",
            "flex": 1,
            "fontSize": 18,
            "minWidth": 0,
            "paddingLeft": 8,
            "textAlign": "left",
          },
          Object {
            "color": "rgba(73, 69, 79, 1)",
            "fontFamily": "System",
            "fontSize": 16,
            "fontWeight": "400",
            "letterSpacing": 0.15,
            "lineHeight": 0,
          },
          Object {
            "minHeight": 56,
            "paddingLeft": 0,
          },
          undefined,
        ]
      }
      testID="search-bar"
      underlineColorAndroid="transparent"
      value=""
    />
    <View
      accessibilityRole="progressbar"
      accessibilityState={
        Object {
          "busy": true,
        }
      }
      accessible={true}
      style={
        Array [
          Object {
            "alignItems": "center",
            "justifyContent": "center",
          },
          Object {
            "marginHorizontal": 16,
          },
        ]
      }
      testID="activity-indicator"
    >
      <View
        collapsable={false}
        style={
          Object {
            "height": 24,
            "opacity": 1,
            "width": 24,
          }
        }
      >
        <View
          collapsable={false}
          style={
            Object {
              "alignItems": "center",
              "bottom": 0,
              "justifyContent": "center",
              "left": 0,
              "position": "absolute",
              "right": 0,
              "top": 0,
            }
          }
        >
          <View
            collapsable={false}
            style={
              Object {
                "height": 24,
                "transform": Array [
                  Object {
                    "rotate": "45deg",
                  },
                ],
                "width": 24,
              }
            }
          >
            <View
              collapsable={false}
              style={
                Object {
                  "height": 12,
                  "overflow": "hidden",
                  "width": 24,
                }
              }
            >
              <View
                collapsable={false}
                style={
                  Object {
                    "height": 24,
                    "transform": Array [
                      Object {
                        "translateY": 0,
                      },
                      Object {
                        "rotate": "-165deg",
                      },
                    ],
                    "width": 24,
                  }
                }
              >
                <View
                  collapsable={false}
                  style={
                    Object {
                      "height": 12,
                      "overflow": "hidden",
                      "width": 24,
                    }
                  }
                >
                  <View
                    collapsable={false}
                    style={
                      Object {
                        "borderColor": "rgba(103, 80, 164, 1)",
                        "borderRadius": 12,
                        "borderWidth": 2.4,
                        "height": 24,
                        "width": 24,
                      }
                    }
                  />
                </View>
              </View>
            </View>
          </View>
        </View>
        <View
          collapsable={false}
          style={
            Object {
              "alignItems": "center",
              "bottom": 0,
              "justifyContent": "center",
              "left": 0,
              "position": "absolute",
              "right": 0,
              "top": 0,
            }
          }
        >
          <View
            collapsable={false}
            style={
              Object {
                "height": 24,
                "transform": Array [
                  Object {
                    "rotate": "45deg",
                  },
                ],
                "width": 24,
              }
            }
          >
            <View
              collapsable={false}
              style={
                Object {
                  "height": 12,
                  "overflow": "hidden",
                  "top": 12,
                  "width": 24,
                }
              }
            >
              <View
                collapsable={false}
                style={
                  Object {
                    "height": 24,
                    "transform": Array [
                      Object {
                        "translateY": -12,
                      },
                      Object {
                        "rotate": "345deg",
                      },
                    ],
                    "width": 24,
                  }
                }
              >
                <View
                  collapsable={false}
                  style={
                    Object {
                      "height": 12,
                      "overflow": "hidden",
                      "width": 24,
                    }
                  }
                >
                  <View
                    collapsable={false}
                    style={
                      Object {
                        "borderColor": "rgba(103, 80, 164, 1)",
                        "borderRadius": 12,
                        "borderWidth": 2.4,
                        "height": 24,
                        "width": 24,
                      }
                    }
                  />
                </View>
              </View>
            </View>
          </View>
        </View>
      </View>
    </View>
  </View>
</View>
`;

exports[`renders with placeholder 1`] = `
<View
  collapsable={false}
  style={
    Object {
      "alignSelf": undefined,
      "backgroundColor": "rgb(238, 232, 244)",
      "borderRadius": 28,
      "bottom": undefined,
      "end": undefined,
      "flex": undefined,
      "height": undefined,
      "left": undefined,
      "opacity": undefined,
      "position": undefined,
      "right": undefined,
      "shadowColor": "#000",
      "shadowOffset": Object {
        "height": 0,
        "width": 0,
      },
      "shadowOpacity": 0,
      "shadowRadius": 0,
      "start": undefined,
      "top": undefined,
      "transform": undefined,
      "width": undefined,
    }
  }
  testID="search-bar-container-outer-layer"
>
  <View
    collapsable={false}
    style={
      Object {
        "alignItems": "center",
        "backgroundColor": "rgb(238, 232, 244)",
        "borderRadius": 28,
        "flex": undefined,
        "flexDirection": "row",
        "shadowColor": "#000",
        "shadowOffset": Object {
          "height": 0,
          "width": 0,
        },
        "shadowOpacity": 0,
        "shadowRadius": 0,
      }
    }
    testID="search-bar-container"
  >
    <View
      collapsable={false}
      style={
        Object {
          "alignSelf": undefined,
          "backgroundColor": "transparent",
          "borderRadius": 20,
          "bottom": undefined,
          "end": undefined,
          "flex": undefined,
          "height": 40,
          "left": undefined,
          "margin": 6,
          "opacity": undefined,
          "position": undefined,
          "right": undefined,
          "shadowColor": "#000",
          "shadowOffset": Object {
            "height": 0,
            "width": 0,
          },
          "shadowOpacity": 0,
          "shadowRadius": 0,
          "start": undefined,
          "top": undefined,
          "transform": undefined,
          "width": 40,
        }
      }
      testID="icon-button-container-outer-layer"
    >
      <View
        collapsable={false}
        style={
          Object {
            "backgroundColor": "transparent",
            "borderColor": "rgba(121, 116, 126, 1)",
            "borderRadius": 20,
            "borderWidth": 0,
            "elevation": 0,
            "flex": 1,
            "overflow": "hidden",
            "shadowColor": "#000",
            "shadowOffset": Object {
              "height": 0,
              "width": 0,
            },
            "shadowOpacity": 0,
            "shadowRadius": 0,
          }
        }
        testID="icon-button-container"
      >
        <View
          accessibilityComponentType="button"
          accessibilityLabel="search"
          accessibilityRole="button"
          accessibilityState={
            Object {
              "disabled": true,
            }
          }
          accessibilityTraits="button"
          accessible={true}
          centered={true}
          collapsable={false}
          focusable={true}
          hitSlop={
            Object {
              "bottom": 6,
              "left": 6,
              "right": 6,
              "top": 6,
            }
          }
          onBlur={[Function]}
          onClick={[Function]}
          onFocus={[Function]}
          onResponderGrant={[Function]}
          onResponderMove={[Function]}
          onResponderRelease={[Function]}
          onResponderTerminate={[Function]}
          onResponderTerminationRequest={[Function]}
          onStartShouldSetResponder={[Function]}
          style={
            Array [
              Object {
                "overflow": "hidden",
              },
              false,
              Array [
                Object {
                  "alignItems": "center",
                  "flexGrow": 1,
                  "justifyContent": "center",
                },
                Object {
                  "borderRadius": 20,
                },
              ],
            ]
          }
          testID="icon-button"
        >
          <Text
            accessibilityElementsHidden={true}
            allowFontScaling={false}
            importantForAccessibility="no-hide-descendants"
            pointerEvents="none"
            selectable={false}
            style={
              Array [
                Object {
                  "color": "rgba(73, 69, 79, 1)",
                  "fontSize": 24,
                },
                Array [
                  Object {
                    "lineHeight": 24,
                    "transform": Array [
                      Object {
                        "scaleX": 1,
                      },
                    ],
                  },
                  Object {
                    "backgroundColor": "transparent",
                  },
                ],
                Object {
                  "fontFamily": "Material Design Icons",
                  "fontStyle": "normal",
                  "fontWeight": "normal",
                },
                Object {},
              ]
            }
          >
            Û∞çâ
          </Text>
        </View>
      </View>
    </View>
    <TextInput
      accessibilityRole="search"
      keyboardAppearance="light"
      placeholder="Search"
      placeholderTextColor="rgba(28, 27, 31, 1)"
      returnKeyType="search"
      selectionColor="rgba(103, 80, 164, 1)"
      style={
        Array [
          Object {
            "alignSelf": "stretch",
            "flex": 1,
            "fontSize": 18,
            "minWidth": 0,
            "paddingLeft": 8,
            "textAlign": "left",
          },
          Object {
            "color": "rgba(73, 69, 79, 1)",
            "fontFamily": "System",
            "fontSize": 16,
            "fontWeight": "400",
            "letterSpacing": 0.15,
            "lineHeight": 0,
          },
          Object {
            "minHeight": 56,
            "paddingLeft": 0,
          },
          undefined,
        ]
      }
      testID="search-bar"
      underlineColorAndroid="transparent"
      value=""
    />
    <View
      pointerEvents="none"
      style={
        Array [
          Object {
            "marginLeft": 16,
            "position": "absolute",
            "right": 0,
          },
          false,
        ]
      }
      testID="search-bar-icon-wrapper"
    >
      <View
        collapsable={false}
        style={
          Object {
            "alignSelf": undefined,
            "backgroundColor": "transparent",
            "borderRadius": 20,
            "bottom": undefined,
            "end": undefined,
            "flex": undefined,
            "height": 40,
            "left": undefined,
            "margin": 6,
            "opacity": undefined,
            "position": undefined,
            "right": undefined,
            "shadowColor": "#000",
            "shadowOffset": Object {
              "height": 0,
              "width": 0,
            },
            "shadowOpacity": 0,
            "shadowRadius": 0,
            "start": undefined,
            "top": undefined,
            "transform": undefined,
            "width": 40,
          }
        }
        testID="icon-button-container-outer-layer"
      >
        <View
          collapsable={false}
          style={
            Object {
              "backgroundColor": "transparent",
              "borderColor": "rgba(121, 116, 126, 1)",
              "borderRadius": 20,
              "borderWidth": 0,
              "elevation": 0,
              "flex": 1,
              "overflow": "hidden",
              "shadowColor": "#000",
              "shadowOffset": Object {
                "height": 0,
                "width": 0,
              },
              "shadowOpacity": 0,
              "shadowRadius": 0,
            }
          }
          testID="icon-button-container"
        >
          <View
            accessibilityComponentType="button"
            accessibilityLabel="clear"
            accessibilityRole="button"
            accessibilityState={
              Object {
                "disabled": false,
              }
            }
            accessibilityTraits="button"
            accessible={true}
            centered={true}
            collapsable={false}
            focusable={true}
            hitSlop={
              Object {
                "bottom": 6,
                "left": 6,
                "right": 6,
                "top": 6,
              }
            }
            onBlur={[Function]}
            onClick={[Function]}
            onFocus={[Function]}
            onResponderGrant={[Function]}
            onResponderMove={[Function]}
            onResponderRelease={[Function]}
            onResponderTerminate={[Function]}
            onResponderTerminationRequest={[Function]}
            onStartShouldSetResponder={[Function]}
            style={
              Array [
                Object {
                  "overflow": "hidden",
                },
                false,
                Array [
                  Object {
                    "alignItems": "center",
                    "flexGrow": 1,
                    "justifyContent": "center",
                  },
                  Object {
                    "borderRadius": 20,
                  },
                ],
              ]
            }
            testID="icon-button"
          >
            <Text
              accessibilityElementsHidden={true}
              allowFontScaling={false}
              importantForAccessibility="no-hide-descendants"
              pointerEvents="none"
              selectable={false}
              style={
                Array [
                  Object {
                    "color": "rgba(255, 255, 255, 0)",
                    "fontSize": 24,
                  },
                  Array [
                    Object {
                      "lineHeight": 24,
                      "transform": Array [
                        Object {
                          "scaleX": 1,
                        },
                      ],
                    },
                    Object {
                      "backgroundColor": "transparent",
                    },
                  ],
                  Object {
                    "fontFamily": "Material Design Icons",
                    "fontStyle": "normal",
                    "fontWeight": "normal",
                  },
                  Object {},
                ]
              }
            >
              Û∞Öñ
            </Text>
          </View>
        </View>
      </View>
    </View>
  </View>
</View>
`;

exports[`renders with text 1`] = `
<View
  collapsable={false}
  style={
    Object {
      "alignSelf": undefined,
      "backgroundColor": "rgb(238, 232, 244)",
      "borderRadius": 28,
      "bottom": undefined,
      "end": undefined,
      "flex": undefined,
      "height": undefined,
      "left": undefined,
      "opacity": undefined,
      "position": undefined,
      "right": undefined,
      "shadowColor": "#000",
      "shadowOffset": Object {
        "height": 0,
        "width": 0,
      },
      "shadowOpacity": 0,
      "shadowRadius": 0,
      "start": undefined,
      "top": undefined,
      "transform": undefined,
      "width": undefined,
    }
  }
  testID="search-bar-container-outer-layer"
>
  <View
    collapsable={false}
    style={
      Object {
        "alignItems": "center",
        "backgroundColor": "rgb(238, 232, 244)",
        "borderRadius": 28,
        "flex": undefined,
        "flexDirection": "row",
        "shadowColor": "#000",
        "shadowOffset": Object {
          "height": 0,
          "width": 0,
        },
        "shadowOpacity": 0,
        "shadowRadius": 0,
      }
    }
    testID="search-bar-container"
  >
    <View
      collapsable={false}
      style={
        Object {
          "alignSelf": undefined,
          "backgroundColor": "transparent",
          "borderRadius": 20,
          "bottom": undefined,
          "end": undefined,
          "flex": undefined,
          "height": 40,
          "left": undefined,
          "margin": 6,
          "opacity": undefined,
          "position": undefined,
          "right": undefined,
          "shadowColor": "#000",
          "shadowOffset": Object {
            "height": 0,
            "width": 0,
          },
          "shadowOpacity": 0,
          "shadowRadius": 0,
          "start": undefined,
          "top": undefined,
          "transform": undefined,
          "width": 40,
        }
      }
      testID="icon-button-container-outer-layer"
    >
      <View
        collapsable={false}
        style={
          Object {
            "backgroundColor": "transparent",
            "borderColor": "rgba(121, 116, 126, 1)",
            "borderRadius": 20,
            "borderWidth": 0,
            "elevation": 0,
            "flex": 1,
            "overflow": "hidden",
            "shadowColor": "#000",
            "shadowOffset": Object {
              "height": 0,
              "width": 0,
            },
            "shadowOpacity": 0,
            "shadowRadius": 0,
          }
        }
        testID="icon-button-container"
      >
        <View
          accessibilityComponentType="button"
          accessibilityLabel="search"
          accessibilityRole="button"
          accessibilityState={
            Object {
              "disabled": true,
            }
          }
          accessibilityTraits="button"
          accessible={true}
          centered={true}
          collapsable={false}
          focusable={true}
          hitSlop={
            Object {
              "bottom": 6,
              "left": 6,
              "right": 6,
              "top": 6,
            }
          }
          onBlur={[Function]}
          onClick={[Function]}
          onFocus={[Function]}
          onResponderGrant={[Function]}
          onResponderMove={[Function]}
          onResponderRelease={[Function]}
          onResponderTerminate={[Function]}
          onResponderTerminationRequest={[Function]}
          onStartShouldSetResponder={[Function]}
          style={
            Array [
              Object {
                "overflow": "hidden",
              },
              false,
              Array [
                Object {
                  "alignItems": "center",
                  "flexGrow": 1,
                  "justifyContent": "center",
                },
                Object {
                  "borderRadius": 20,
                },
              ],
            ]
          }
          testID="icon-button"
        >
          <Text
            accessibilityElementsHidden={true}
            allowFontScaling={false}
            importantForAccessibility="no-hide-descendants"
            pointerEvents="none"
            selectable={false}
            style={
              Array [
                Object {
                  "color": "rgba(73, 69, 79, 1)",
                  "fontSize": 24,
                },
                Array [
                  Object {
                    "lineHeight": 24,
                    "transform": Array [
                      Object {
                        "scaleX": 1,
                      },
                    ],
                  },
                  Object {
                    "backgroundColor": "transparent",
                  },
                ],
                Object {
                  "fontFamily": "Material Design Icons",
                  "fontStyle": "normal",
                  "fontWeight": "normal",
                },
                Object {},
              ]
            }
          >
            Û∞çâ
          </Text>
        </View>
      </View>
    </View>
    <TextInput
      accessibilityRole="search"
      keyboardAppearance="light"
      placeholder="Search"
      placeholderTextColor="rgba(28, 27, 31, 1)"
      returnKeyType="search"
      selectionColor="rgba(103, 80, 164, 1)"
      style={
        Array [
          Object {
            "alignSelf": "stretch",
            "flex": 1,
            "fontSize": 18,
            "minWidth": 0,
            "paddingLeft": 8,
            "textAlign": "left",
          },
          Object {
            "color": "rgba(73, 69, 79, 1)",
            "fontFamily": "System",
            "fontSize": 16,
            "fontWeight": "400",
            "letterSpacing": 0.15,
            "lineHeight": 0,
          },
          Object {
            "minHeight": 56,
            "paddingLeft": 0,
          },
          undefined,
        ]
      }
      testID="search-bar"
      underlineColorAndroid="transparent"
      value="query"
    />
    <View
      pointerEvents="auto"
      style={
        Array [
          false,
          false,
        ]
      }
      testID="search-bar-icon-wrapper"
    >
      <View
        collapsable={false}
        style={
          Object {
            "alignSelf": undefined,
            "backgroundColor": "transparent",
            "borderRadius": 20,
            "bottom": undefined,
            "end": undefined,
            "flex": undefined,
            "height": 40,
            "left": undefined,
            "margin": 6,
            "opacity": undefined,
            "position": undefined,
            "right": undefined,
            "shadowColor": "#000",
            "shadowOffset": Object {
              "height": 0,
              "width": 0,
            },
            "shadowOpacity": 0,
            "shadowRadius": 0,
            "start": undefined,
            "top": undefined,
            "transform": undefined,
            "width": 40,
          }
        }
        testID="icon-button-container-outer-layer"
      >
        <View
          collapsable={false}
          style={
            Object {
              "backgroundColor": "transparent",
              "borderColor": "rgba(121, 116, 126, 1)",
              "borderRadius": 20,
              "borderWidth": 0,
              "elevation": 0,
              "flex": 1,
              "overflow": "hidden",
              "shadowColor": "#000",
              "shadowOffset": Object {
                "height": 0,
                "width": 0,
              },
              "shadowOpacity": 0,
              "shadowRadius": 0,
            }
          }
          testID="icon-button-container"
        >
          <View
            accessibilityComponentType="button"
            accessibilityLabel="clear"
            accessibilityRole="button"
            accessibilityState={
              Object {
                "disabled": false,
              }
            }
            accessibilityTraits="button"
            accessible={true}
            centered={true}
            collapsable={false}
            focusable={true}
            hitSlop={
              Object {
                "bottom": 6,
                "left": 6,
                "right": 6,
                "top": 6,
              }
            }
            onBlur={[Function]}
            onClick={[Function]}
            onFocus={[Function]}
            onResponderGrant={[Function]}
            onResponderMove={[Function]}
            onResponderRelease={[Function]}
            onResponderTerminate={[Function]}
            onResponderTerminationRequest={[Function]}
            onStartShouldSetResponder={[Function]}
            style={
              Array [
                Object {
                  "overflow": "hidden",
                },
                false,
                Array [
                  Object {
                    "alignItems": "center",
                    "flexGrow": 1,
                    "justifyContent": "center",
                  },
                  Object {
                    "borderRadius": 20,
                  },
                ],
              ]
            }
            testID="icon-button"
          >
            <Text
              accessibilityElementsHidden={true}
              allowFontScaling={false}
              importantForAccessibility="no-hide-descendants"
              pointerEvents="none"
              selectable={false}
              style={
                Array [
                  Object {
                    "color": "rgba(73, 69, 79, 1)",
                    "fontSize": 24,
                  },
                  Array [
                    Object {
                      "lineHeight": 24,
                      "transform": Array [
                        Object {
                          "scaleX": 1,
                        },
                      ],
                    },
                    Object {
                      "backgroundColor": "transparent",
                    },
                  ],
                  Object {
                    "fontFamily": "Material Design Icons",
                    "fontStyle": "normal",
                    "fontWeight": "normal",
                  },
                  Object {},
                ]
              }
            >
              Û∞Öñ
            </Text>
          </View>
        </View>
      </View>
    </View>
  </View>
</View>
`;
