// Jest Snapshot v1, https://goo.gl/fbAQLP

exports[`renders disabled toggle button 1`] = `
<View
  collapsable={false}
  style={
    Object {
      "alignSelf": undefined,
      "backgroundColor": "rgba(29, 25, 43, 0.12)",
      "borderRadius": 4,
      "bottom": undefined,
      "end": undefined,
      "flex": undefined,
      "height": 42,
      "left": undefined,
      "margin": 0,
      "opacity": undefined,
      "position": undefined,
      "right": undefined,
      "shadowColor": "#000",
      "shadowOffset": Object {
        "height": 0,
        "width": 0,
      },
      "shadowOpacity": 0,
      "shadowRadius": 0,
      "start": undefined,
      "top": undefined,
      "transform": undefined,
      "width": 42,
    }
  }
  testID="icon-button-container-outer-layer"
>
  <View
    collapsable={false}
    style={
      Object {
        "backgroundColor": "rgba(29, 25, 43, 0.12)",
        "borderColor": "rgba(121, 116, 126, 1)",
        "borderRadius": 4,
        "borderWidth": 0,
        "elevation": 0,
        "flex": 1,
        "overflow": "hidden",
        "shadowColor": "#000",
        "shadowOffset": Object {
          "height": 0,
          "width": 0,
        },
        "shadowOpacity": 0,
        "shadowRadius": 0,
      }
    }
    testID="icon-button-container"
  >
    <View
      accessibilityComponentType="button"
      accessibilityRole="button"
      accessibilityState={
        Object {
          "disabled": true,
          "selected": true,
        }
      }
      accessibilityTraits={
        Array [
          "button",
          "disabled",
        ]
      }
      accessible={true}
      centered={true}
      collapsable={false}
      focusable={true}
      hitSlop={
        Object {
          "bottom": 6,
          "left": 6,
          "right": 6,
          "top": 6,
        }
      }
      onBlur={[Function]}
      onClick={[Function]}
      onFocus={[Function]}
      onResponderGrant={[Function]}
      onResponderMove={[Function]}
      onResponderRelease={[Function]}
      onResponderTerminate={[Function]}
      onResponderTerminationRequest={[Function]}
      onStartShouldSetResponder={[Function]}
      style={
        Array [
          false,
          false,
          Array [
            Object {
              "alignItems": "center",
              "flexGrow": 1,
              "justifyContent": "center",
            },
            Object {
              "borderRadius": 4,
            },
          ],
        ]
      }
      testID="icon-button"
    >
      <Text
        accessibilityElementsHidden={true}
        allowFontScaling={false}
        importantForAccessibility="no-hide-descendants"
        pointerEvents="none"
        selectable={false}
        style={
          Array [
            Object {
              "color": "rgba(28, 27, 31, 0.38)",
              "fontSize": 24,
            },
            Array [
              Object {
                "lineHeight": 24,
                "transform": Array [
                  Object {
                    "scaleX": 1,
                  },
                ],
              },
              Object {
                "backgroundColor": "transparent",
              },
            ],
            Object {
              "fontFamily": "Material Design Icons",
              "fontStyle": "normal",
              "fontWeight": "normal",
            },
            Object {},
          ]
        }
      >
        󰋑
      </Text>
    </View>
  </View>
</View>
`;

exports[`renders toggle button 1`] = `
<View
  collapsable={false}
  style={
    Object {
      "alignSelf": undefined,
      "backgroundColor": "rgba(29, 25, 43, 0.12)",
      "borderRadius": 4,
      "bottom": undefined,
      "end": undefined,
      "flex": undefined,
      "height": 42,
      "left": undefined,
      "margin": 0,
      "opacity": undefined,
      "position": undefined,
      "right": undefined,
      "shadowColor": "#000",
      "shadowOffset": Object {
        "height": 0,
        "width": 0,
      },
      "shadowOpacity": 0,
      "shadowRadius": 0,
      "start": undefined,
      "top": undefined,
      "transform": undefined,
      "width": 42,
    }
  }
  testID="icon-button-container-outer-layer"
>
  <View
    collapsable={false}
    style={
      Object {
        "backgroundColor": "rgba(29, 25, 43, 0.12)",
        "borderColor": "rgba(121, 116, 126, 1)",
        "borderRadius": 4,
        "borderWidth": 0,
        "elevation": 0,
        "flex": 1,
        "overflow": "hidden",
        "shadowColor": "#000",
        "shadowOffset": Object {
          "height": 0,
          "width": 0,
        },
        "shadowOpacity": 0,
        "shadowRadius": 0,
      }
    }
    testID="icon-button-container"
  >
    <View
      accessibilityComponentType="button"
      accessibilityRole="button"
      accessibilityState={
        Object {
          "disabled": false,
          "selected": true,
        }
      }
      accessibilityTraits="button"
      accessible={true}
      centered={true}
      collapsable={false}
      focusable={true}
      hitSlop={
        Object {
          "bottom": 6,
          "left": 6,
          "right": 6,
          "top": 6,
        }
      }
      onBlur={[Function]}
      onClick={[Function]}
      onFocus={[Function]}
      onResponderGrant={[Function]}
      onResponderMove={[Function]}
      onResponderRelease={[Function]}
      onResponderTerminate={[Function]}
      onResponderTerminationRequest={[Function]}
      onStartShouldSetResponder={[Function]}
      style={
        Array [
          false,
          false,
          Array [
            Object {
              "alignItems": "center",
              "flexGrow": 1,
              "justifyContent": "center",
            },
            Object {
              "borderRadius": 4,
            },
          ],
        ]
      }
      testID="icon-button"
    >
      <Text
        accessibilityElementsHidden={true}
        allowFontScaling={false}
        importantForAccessibility="no-hide-descendants"
        pointerEvents="none"
        selectable={false}
        style={
          Array [
            Object {
              "color": "rgba(73, 69, 79, 1)",
              "fontSize": 24,
            },
            Array [
              Object {
                "lineHeight": 24,
                "transform": Array [
                  Object {
                    "scaleX": 1,
                  },
                ],
              },
              Object {
                "backgroundColor": "transparent",
              },
            ],
            Object {
              "fontFamily": "Material Design Icons",
              "fontStyle": "normal",
              "fontWeight": "normal",
            },
            Object {},
          ]
        }
      >
        󰋑
      </Text>
    </View>
  </View>
</View>
`;

exports[`renders unchecked toggle button 1`] = `
<View
  collapsable={false}
  style={
    Object {
      "alignSelf": undefined,
      "backgroundColor": "transparent",
      "borderRadius": 4,
      "bottom": undefined,
      "end": undefined,
      "flex": undefined,
      "height": 42,
      "left": undefined,
      "margin": 0,
      "opacity": undefined,
      "position": undefined,
      "right": undefined,
      "shadowColor": "#000",
      "shadowOffset": Object {
        "height": 0,
        "width": 0,
      },
      "shadowOpacity": 0,
      "shadowRadius": 0,
      "start": undefined,
      "top": undefined,
      "transform": undefined,
      "width": 42,
    }
  }
  testID="icon-button-container-outer-layer"
>
  <View
    collapsable={false}
    style={
      Object {
        "backgroundColor": "transparent",
        "borderColor": "rgba(121, 116, 126, 1)",
        "borderRadius": 4,
        "borderWidth": 0,
        "elevation": 0,
        "flex": 1,
        "overflow": "hidden",
        "shadowColor": "#000",
        "shadowOffset": Object {
          "height": 0,
          "width": 0,
        },
        "shadowOpacity": 0,
        "shadowRadius": 0,
      }
    }
    testID="icon-button-container"
  >
    <View
      accessibilityComponentType="button"
      accessibilityRole="button"
      accessibilityState={
        Object {
          "disabled": true,
          "selected": false,
        }
      }
      accessibilityTraits={
        Array [
          "button",
          "disabled",
        ]
      }
      accessible={true}
      centered={true}
      collapsable={false}
      focusable={true}
      hitSlop={
        Object {
          "bottom": 6,
          "left": 6,
          "right": 6,
          "top": 6,
        }
      }
      onBlur={[Function]}
      onClick={[Function]}
      onFocus={[Function]}
      onResponderGrant={[Function]}
      onResponderMove={[Function]}
      onResponderRelease={[Function]}
      onResponderTerminate={[Function]}
      onResponderTerminationRequest={[Function]}
      onStartShouldSetResponder={[Function]}
      style={
        Array [
          false,
          false,
          Array [
            Object {
              "alignItems": "center",
              "flexGrow": 1,
              "justifyContent": "center",
            },
            Object {
              "borderRadius": 4,
            },
          ],
        ]
      }
      testID="icon-button"
    >
      <Text
        accessibilityElementsHidden={true}
        allowFontScaling={false}
        importantForAccessibility="no-hide-descendants"
        pointerEvents="none"
        selectable={false}
        style={
          Array [
            Object {
              "color": "rgba(28, 27, 31, 0.38)",
              "fontSize": 24,
            },
            Array [
              Object {
                "lineHeight": 24,
                "transform": Array [
                  Object {
                    "scaleX": 1,
                  },
                ],
              },
              Object {
                "backgroundColor": "transparent",
              },
            ],
            Object {
              "fontFamily": "Material Design Icons",
              "fontStyle": "normal",
              "fontWeight": "normal",
            },
            Object {},
          ]
        }
      >
        󰋑
      </Text>
    </View>
  </View>
</View>
`;
